// Jest Snapshot v1, https://goo.gl/fbAQLP

exports[`<SettingsPanel /> should render and match the snapshot 1`] = `
<Styled(Panel)>
  <Styled(div)>
    <Styled(div)>
      <Button
        data-testid="back-action"
        flat={true}
        variant="inverted"
      >
        <Styled(Icon)
          icon={<ForwardRef(SvgArrowRight) />}
          size="normal"
        />
      </Button>
      swap.settings.title
    </Styled(div)>
    <Button
      data-testid="reset-action"
      flat={true}
      onClick={[Function]}
      variant="inverted"
    >
      swap.settings.reset
    </Button>
  </Styled(div)>
  <Styled(div)>
    <Styled(div)>
      <Styled(div)>
        <Styled(Paragraph)>
          swap.settings.slippageToleranceLabel
        </Styled(Paragraph)>
        <QuestionHelper
          text="swap.settings.slippageExplanation"
          title="swap.settings.slippageToleranceLabel"
        />
      </Styled(div)>
      <Styled(div)
        data-testid="slippage-tolerance-value"
      >
        0.1%
      </Styled(div)>
    </Styled(div)>
    <Styled(div)>
      <SlippageTolerance
        customValue="0%"
        labels={
          Array [
            "0.1%",
            "0.5%",
            "1%",
            "Auto",
          ]
        }
        onChange={[Function]}
        selected={0}
      />
    </Styled(div)>
    <Styled(div)>
      <Styled(div)>
        <Styled(Paragraph)>
          swap.settings.transactionDeadlineLabel
        </Styled(Paragraph)>
        <QuestionHelper
          text="swap.settings.transactionDeadlineExplanation"
          title="swap.settings.transactionDeadlineLabel"
        />
      </Styled(div)>
      <Styled(div)>
        <Styled(Icon)
          icon={<ForwardRef(SvgTimer) />}
          size="normal"
        />
        <Styled(div)>
          20
        </Styled(div)>
      </Styled(div)>
    </Styled(div)>
    <Styled(div)>
      <Styled(div)>
        <Styled(Paragraph)>
          swap.settings.chartModeLabel
        </Styled(Paragraph)>
        <QuestionHelper
          text="swap.settings.chartExplanation"
          title="swap.settings.chartModeLabel"
        />
      </Styled(div)>
      <Styled(div)>
        <Switch
          label="OFF"
        />
      </Styled(div)>
    </Styled(div)>
    <Styled(div)>
      <Styled(div)>
        <Styled(Paragraph)>
          swap.settings.tradeModeLabel
        </Styled(Paragraph)>
        <QuestionHelper
          text="swap.settings.tradeModeExplanation"
          title="swap.settings.tradeModeLabel"
        />
      </Styled(div)>
      <Styled(div)>
        <Switch
          label="Expert"
        />
      </Styled(div)>
    </Styled(div)>
  </Styled(div)>
</Styled(Panel)>
`;
